     1                                  ; char flexStr[30] = "Welcome to Ubuntu 22.04.6 LTS";	//8-bit character array
     2                                  ; char toUpper[30];		//8-bit non-initial array
     3                                  ; char toLower[30];		//8-bit non-initial array
     4                                  ; register long rsi = 0		//64-bit register
     5                                  ; register long rcx = 30		//64-bit register
     6                                  ; do {
     7                                  ; 	if(flexStr[rsi] >= 'A' && flexStr[rsi] <= 'Z') { 	//if it is uppercase
     8                                  ; 		toUpper[rsi] = flexStr[rsi]		//no conversion required
     9                                  ; 		toLower[rsi] = flexStr[rsi] + 0x20		//convert to lowercase 
    10                                  ; 	} 
    11                                  ; 	else if(flexStr[rsi] >= 'a' && flexStr[rsi] <= 'z') { 	//if it is lowercase
    12                                  ; 		toUpper[rsi] = flexStr[rsi] - 0x20		//convert to uppercase
    13                                  ; 		toLower[rsi] = flexStr[rsi]		//no conversion required
    14                                  ; 	} 
    15                                  ; 	else {			//if it is other
    16                                  ; 		toUpper[rsi] = flexStr[rsi]		//no conversion required
    17                                  ; 		toLower[rsi] = flexStr[rsi]		//no conversion required
    18                                  ; 	}
    19                                  ; 	rsi++;			//rsi = rsi + 1
    20                                  ; 	rcx--;			//rcx = rcx - 1
    21                                  ; } while(rcx != 0);		//if rcx != 0 do loop again
    22                                  
    23                                  section .data
    24                                      SYS_exit     equ 60
    25                                      EXIT_SUCCESS equ 0
    26                                  
    27 00000000 57656C636F6D652074-         flexStr db "Welcome to Ubuntu 22.04.6 LTS", 0  
    27 00000009 6F205562756E747520-
    27 00000012 32322E30342E36204C-
    27 0000001B 545300             
    28                                  
    29                                  section .bss
    30 00000000 <res 1Eh>                   toUpper resb 30
    31 0000001E <res 1Eh>                   toLower resb 30
    32                                  
    33                                  section .text
    34                                      global _start
    35                                  _start:
    36 00000000 BE00000000                  mov rsi, 0              ; index = 0
    37 00000005 B91E000000                  mov rcx, 30             ; counter = 30
    38                                  
    39                                  doloop:
    40 0000000A 8A86[00000000]              mov al, [flexStr + rsi] 
    41                                  
    42                                      ; if ('A' <= al <= 'Z')
    43 00000010 3C41                        cmp al, 'A'
    44 00000012 7217                        jb check_lower
    45 00000014 3C5A                        cmp al, 'Z'
    46 00000016 7713                        ja check_lower
    47                                  
    48                                      ; uppercase letter
    49 00000018 8886[00000000]              mov [toUpper + rsi], al
    50 0000001E 88C3                        mov bl, al
    51 00000020 80C320                      add bl, 0x20
    52 00000023 889E[1E000000]              mov [toLower + rsi], bl
    53 00000029 EB27                        jmp step_next
    54                                  
    55                                  check_lower:
    56                                      ; else if ('a' <= al <= 'z')
    57 0000002B 3C61                        cmp al, 'a'
    58 0000002D 7217                        jb other_char
    59 0000002F 3C7A                        cmp al, 'z'
    60 00000031 7713                        ja other_char
    61                                      
    62                                      ; lowercase letter
    63 00000033 88C3                        mov bl, al
    64 00000035 80EB20                      sub bl, 0x20
    65 00000038 889E[00000000]              mov [toUpper + rsi], bl
    66 0000003E 8886[1E000000]              mov [toLower + rsi], al
    67 00000044 EB0C                        jmp step_next
    68                                  
    69                                  other_char:
    70                                      ; special characters & numbers
    71 00000046 8886[00000000]              mov [toUpper + rsi], al
    72 0000004C 8886[1E000000]              mov [toLower + rsi], al
    73                                  
    74                                  step_next:
    75 00000052 48FFC6                      inc rsi
    76 00000055 48FFC9                      dec rcx
    77 00000058 75B0                        jne doloop
    78                                  
    79 0000005A B83C000000                  mov rax, SYS_exit
    80 0000005F BF00000000                  mov rdi, EXIT_SUCCESS
    81 00000064 0F05                        syscall
